// Jest Snapshot v1, https://goo.gl/fbAQLP

exports[`should render expenselist with empty message 1`] = `
<div>
  <p>
    No expenses
  </p>
</div>
`;

exports[`should render expenselist with expenses 1`] = `
<div>
  <ExpenseListItem
    amount={198}
    createdAt={0}
    description="gum"
    id="1"
    key="1"
    note=""
  />
  <ExpenseListItem
    amount={231232}
    createdAt={-345600000}
    description="buble"
    id="2"
    key="2"
    note=""
  />
  <ExpenseListItem
    amount={450000}
    createdAt={345600000}
    description="credito"
    id="3"
    key="3"
    note=""
  />
</div>
`;
